
*** Running vivado
    with args -log PuffDesign2.vds -m64 -product Vivado -mode batch -messageDb vivado.pb -notrace -source PuffDesign2.tcl



****** Vivado v2022.2 (64-bit)
  **** SW Build 3671981 on Fri Oct 14 05:00:03 MDT 2022
  **** IP Build 3669848 on Fri Oct 14 08:30:02 MDT 2022
    ** Copyright 1986-2022 Xilinx, Inc. All Rights Reserved.

source PuffDesign2.tcl -notrace
create_project: Time (s): cpu = 00:00:03 ; elapsed = 00:00:08 . Memory (MB): peak = 395.500 ; gain = 44.629
Command: read_checkpoint -auto_incremental -incremental C:/Users/fawad/OneDrive/Documents/VivadoProjects/PuffDesign2/PuffDesign2.srcs/utils_1/imports/synth_1/PuffDesign2.dcp
INFO: [Vivado 12-5825] Read reference checkpoint from C:/Users/fawad/OneDrive/Documents/VivadoProjects/PuffDesign2/PuffDesign2.srcs/utils_1/imports/synth_1/PuffDesign2.dcp for incremental synthesis
INFO: [Vivado 12-7989] Please ensure there are no constraint changes
Command: synth_design -top PuffDesign2 -part xc7a100tcsg324-1
Starting synth_design
Attempting to get a license for feature 'Synthesis' and/or device 'xc7a100t'
INFO: [Common 17-349] Got license for feature 'Synthesis' and/or device 'xc7a100t'
INFO: [Designutils 20-5440] No compile time benefit to using incremental synthesis; A full resynthesis will be run
INFO: [Designutils 20-4379] Flow is switching to default flow due to incremental criteria not met. If you would like to alter this behaviour and have the flow terminate instead, please set the following parameter config_implementation {autoIncr.Synth.RejectBehavior Terminate}
INFO: [Synth 8-7079] Multithreading enabled for synth_design using a maximum of 2 processes.
INFO: [Synth 8-7078] Launching helper process for spawning children vivado processes
INFO: [Synth 8-7075] Helper process launched with PID 19420
INFO: [Synth 8-11241] undeclared symbol 'REGCCE', assumed default net type 'wire' [C:/Xilinx/Vivado/2022.2/data/verilog/src/unimacro/BRAM_SINGLE_MACRO.v:2170]
---------------------------------------------------------------------------------
Starting Synthesize : Time (s): cpu = 00:00:04 ; elapsed = 00:00:10 . Memory (MB): peak = 839.672 ; gain = 408.316
---------------------------------------------------------------------------------
INFO: [Synth 8-638] synthesizing module 'PuffDesign2' [C:/Users/fawad/OneDrive/Documents/VivadoProjects/PuffDesign2/PuffDesign2.srcs/sources_1/new/PuffDesign2.vhd:69]
INFO: [Synth 8-3491] module 'ClockDivider' declared at 'C:/Users/fawad/OneDrive/Documents/VivadoProjects/PuffDesign2/PuffDesign2.srcs/sources_1/new/ClockDivider.vhd:34' bound to instance 'ClockDivider_Inst' of component 'ClockDivider' [C:/Users/fawad/OneDrive/Documents/VivadoProjects/PuffDesign2/PuffDesign2.srcs/sources_1/new/PuffDesign2.vhd:102]
INFO: [Synth 8-638] synthesizing module 'ClockDivider' [C:/Users/fawad/OneDrive/Documents/VivadoProjects/PuffDesign2/PuffDesign2.srcs/sources_1/new/ClockDivider.vhd:40]
WARNING: [Synth 8-614] signal 'tmp' is read in the process but is not in the sensitivity list [C:/Users/fawad/OneDrive/Documents/VivadoProjects/PuffDesign2/PuffDesign2.srcs/sources_1/new/ClockDivider.vhd:46]
INFO: [Synth 8-256] done synthesizing module 'ClockDivider' (0#1) [C:/Users/fawad/OneDrive/Documents/VivadoProjects/PuffDesign2/PuffDesign2.srcs/sources_1/new/ClockDivider.vhd:40]
ERROR: [Synth 8-5838] Formal port association for 'sel' is non contiguous [C:/Users/fawad/OneDrive/Documents/VivadoProjects/PuffDesign2/PuffDesign2.srcs/sources_1/new/PuffDesign2.vhd:118]
INFO: [Synth 8-3491] module 'Demux' declared at 'C:/Users/fawad/OneDrive/Documents/VivadoProjects/PuffDesign2/PuffDesign2.srcs/sources_1/new/Demux.vhd:34' bound to instance 'Demux_Inst' of component 'Demux' [C:/Users/fawad/OneDrive/Documents/VivadoProjects/PuffDesign2/PuffDesign2.srcs/sources_1/new/PuffDesign2.vhd:110]
ERROR: [Synth 8-285] failed synthesizing module 'PuffDesign2' [C:/Users/fawad/OneDrive/Documents/VivadoProjects/PuffDesign2/PuffDesign2.srcs/sources_1/new/PuffDesign2.vhd:69]
---------------------------------------------------------------------------------
Finished Synthesize : Time (s): cpu = 00:00:05 ; elapsed = 00:00:12 . Memory (MB): peak = 929.363 ; gain = 498.008
---------------------------------------------------------------------------------
synthesize failed
INFO: [Common 17-83] Releasing license: Synthesis
15 Infos, 1 Warnings, 0 Critical Warnings and 3 Errors encountered.
synth_design failed
ERROR: [Common 17-69] Command failed: Vivado Synthesis failed
INFO: [Common 17-206] Exiting Vivado at Fri Nov 17 19:33:32 2023...
